// Jest Snapshot v1, https://goo.gl/fbAQLP

exports[`Map is correctly renderer 1`] = `
<div
  id="map"
  style={
    Object {
      "height": "90vh",
    }
  }
/>
`;
