// Jest Snapshot v1, https://goo.gl/fbAQLP

exports[`DetailedOffer is correctly renderer 1`] = `
Array [
  <main
    className="page__main page__main--property"
  >
    <section
      className="property"
    >
      <div
        className="property__gallery-container container"
      >
        <div
          className="property__gallery"
        >
          <div
            className="property__image-wrapper"
          >
            <img
              alt="Photo studio"
              className="property__image"
              src="https://es31-server.appspot.com/six-cities/static/hotel/5.jpg"
            />
          </div>
          <div
            className="property__image-wrapper"
          >
            <img
              alt="Photo studio"
              className="property__image"
              src="https://es31-server.appspot.com/six-cities/static/hotel/2.jpg"
            />
          </div>
          <div
            className="property__image-wrapper"
          >
            <img
              alt="Photo studio"
              className="property__image"
              src="https://es31-server.appspot.com/six-cities/static/hotel/17.jpg"
            />
          </div>
          <div
            className="property__image-wrapper"
          >
            <img
              alt="Photo studio"
              className="property__image"
              src="https://es31-server.appspot.com/six-cities/static/hotel/14.jpg"
            />
          </div>
          <div
            className="property__image-wrapper"
          >
            <img
              alt="Photo studio"
              className="property__image"
              src="https://es31-server.appspot.com/six-cities/static/hotel/9.jpg\\", \\"https://es31-server.appspot.com/six-cities/static/hotel/11.jpg"
            />
          </div>
          <div
            className="property__image-wrapper"
          >
            <img
              alt="Photo studio"
              className="property__image"
              src="https://es31-server.appspot.com/six-cities/static/hotel/19.jpg"
            />
          </div>
          <div
            className="property__image-wrapper"
          >
            <img
              alt="Photo studio"
              className="property__image"
              src="https://es31-server.appspot.com/six-cities/static/hotel/3.jpg"
            />
          </div>
          <div
            className="property__image-wrapper"
          >
            <img
              alt="Photo studio"
              className="property__image"
              src="https://es31-server.appspot.com/six-cities/static/hotel/1.jpg"
            />
          </div>
          <div
            className="property__image-wrapper"
          >
            <img
              alt="Photo studio"
              className="property__image"
              src="https://es31-server.appspot.com/six-cities/static/hotel/16.jpg"
            />
          </div>
          <div
            className="property__image-wrapper"
          >
            <img
              alt="Photo studio"
              className="property__image"
              src="https://es31-server.appspot.com/six-cities/static/hotel/18.jpg"
            />
          </div>
          <div
            className="property__image-wrapper"
          >
            <img
              alt="Photo studio"
              className="property__image"
              src="https://es31-server.appspot.com/six-cities/static/hotel/6.jpg"
            />
          </div>
          <div
            className="property__image-wrapper"
          >
            <img
              alt="Photo studio"
              className="property__image"
              src="https://es31-server.appspot.com/six-cities/static/hotel/4.jpg"
            />
          </div>
          <div
            className="property__image-wrapper"
          >
            <img
              alt="Photo studio"
              className="property__image"
              src="https://es31-server.appspot.com/six-cities/static/hotel/12.jpg"
            />
          </div>
        </div>
      </div>
      <div
        className="property__container container"
      >
        <div
          className="property__wrapper"
        >
          <div
            className="property__name-wrapper"
          >
            <h1
              className="property__name"
            >
              Amazing and Extremely Central Flat
            </h1>
            <button
              className="property__bookmark-button button"
              type="button"
            >
              <svg
                className="property__bookmark-icon"
                height="33"
                width="31"
              >
                <use
                  xlinkHref="#icon-bookmark"
                />
              </svg>
              <span
                className="visually-hidden"
              >
                To bookmarks
              </span>
            </button>
          </div>
          <div
            className="property__rating rating"
          >
            <div
              className="property__stars rating__stars"
            >
              <span
                style={
                  Object {
                    "width": "64%",
                  }
                }
              />
              <span
                className="visually-hidden"
              >
                Rating
              </span>
            </div>
            <span
              className="property__rating-value rating__value"
            >
              3.2
            </span>
          </div>
          <ul
            className="property__features"
          >
            <li
              className="property__feature property__feature--entire"
            >
              room
            </li>
            <li
              className="property__feature property__feature--bedrooms"
            >
              1
            </li>
            <li
              className="property__feature property__feature--adults"
            >
              2
            </li>
          </ul>
          <div
            className="property__price"
          >
            <b
              className="property__price-value"
            >
              €
              250
            </b>
            <span
              className="property__price-text"
            >
               night
            </span>
          </div>
          <div
            className="property__inside"
          >
            <h2
              className="property__inside-title"
            >
              What's inside
            </h2>
            <ul
              className="property__inside-list"
            >
              <li
                className="property__inside-item"
              >
                Breakfast
              </li>
              <li
                className="property__inside-item"
              >
                Laptop friendly workspace
              </li>
              <li
                className="property__inside-item"
              >
                Towels
              </li>
              <li
                className="property__inside-item"
              >
                Fridge
              </li>
              <li
                className="property__inside-item"
              >
                Air conditioning
              </li>
              <li
                className="property__inside-item"
              >
                Washer
              </li>
              <li
                className="property__inside-item"
              >
                Dishwasher
              </li>
              <li
                className="property__inside-item"
              >
                Baby seat
              </li>
            </ul>
          </div>
          <div
            className="property__host"
          >
            <h2
              className="property__host-title"
            >
              Meet the host
            </h2>
            <div
              className="property__host-user user"
            >
              <div
                className="property__avatar-wrapper property__avatar-wrapper--pro user__avatar-wrapper"
              >
                <img
                  alt="Host avatar"
                  className="property__avatar user__avatar"
                  height="74"
                  src="../img/avatar-angelina.jpg"
                  width="74"
                />
              </div>
              <span
                className="property__user-name"
              >
                Angelina
              </span>
              <span
                className="property__user-status"
              />
            </div>
            <div
              className="property__description"
            >
              <p
                className="property__text"
              >
                Peaceful studio in the most wanted area in town. Quiet house Near of everything. Completely renovated. Lovely neighbourhood, lot of trendy shops, restaurants and bars in a walking distance.
              </p>
            </div>
          </div>
          <section
            className="property__reviews reviews"
          >
            <h2
              className="reviews__title"
            >
              Reviews ·
              <span
                className="reviews__amount"
              >
                1
              </span>
            </h2>
            <ul
              className="reviews__list"
            >
              <li
                className="reviews__item"
              >
                <div
                  className="reviews__user user"
                >
                  <div
                    className="reviews__avatar-wrapper user__avatar-wrapper"
                  >
                    <img
                      alt="Reviews avatar"
                      className="reviews__avatar user__avatar"
                      height="54"
                      src="url"
                      width="54"
                    />
                  </div>
                  <span
                    className="reviews__user-name"
                  >
                    Alena
                  </span>
                </div>
                <div
                  className="reviews__info"
                >
                  <div
                    className="reviews__rating rating"
                  >
                    <div
                      className="reviews__stars rating__stars"
                    >
                      <span
                        style={
                          Object {
                            "width": "200%",
                          }
                        }
                      />
                      <span
                        className="visually-hidden"
                      >
                        Rating
                      </span>
                    </div>
                  </div>
                  <p
                    className="reviews__text"
                  >
                    text
                  </p>
                  <time
                    className="reviews__time"
                    dateTime="april 2020"
                  >
                    Invalid Date
                  </time>
                </div>
              </li>
            </ul>
            <form
              action="#"
              className="reviews__form form"
              method="post"
            >
              <label
                className="reviews__label form__label"
                htmlFor="review"
              >
                Your review
              </label>
              <div
                className="reviews__rating-form form__rating"
              >
                <input
                  className="form__rating-input visually-hidden"
                  id="5-stars"
                  name="rating"
                  type="radio"
                  value="5"
                />
                <label
                  className="reviews__rating-label form__rating-label"
                  htmlFor="5-stars"
                  title="perfect"
                >
                  <svg
                    className="form__star-image"
                    height="33"
                    width="37"
                  >
                    <use
                      xlinkHref="#icon-star"
                    />
                  </svg>
                </label>
                <input
                  className="form__rating-input visually-hidden"
                  id="4-stars"
                  name="rating"
                  type="radio"
                  value="4"
                />
                <label
                  className="reviews__rating-label form__rating-label"
                  htmlFor="4-stars"
                  title="good"
                >
                  <svg
                    className="form__star-image"
                    height="33"
                    width="37"
                  >
                    <use
                      xlinkHref="#icon-star"
                    />
                  </svg>
                </label>
                <input
                  className="form__rating-input visually-hidden"
                  id="3-stars"
                  name="rating"
                  type="radio"
                  value="3"
                />
                <label
                  className="reviews__rating-label form__rating-label"
                  htmlFor="3-stars"
                  title="not bad"
                >
                  <svg
                    className="form__star-image"
                    height="33"
                    width="37"
                  >
                    <use
                      xlinkHref="#icon-star"
                    />
                  </svg>
                </label>
                <input
                  className="form__rating-input visually-hidden"
                  id="2-stars"
                  name="rating"
                  type="radio"
                  value="2"
                />
                <label
                  className="reviews__rating-label form__rating-label"
                  htmlFor="2-stars"
                  title="badly"
                >
                  <svg
                    className="form__star-image"
                    height="33"
                    width="37"
                  >
                    <use
                      xlinkHref="#icon-star"
                    />
                  </svg>
                </label>
                <input
                  className="form__rating-input visually-hidden"
                  id="1-star"
                  name="rating"
                  type="radio"
                  value="1"
                />
                <label
                  className="reviews__rating-label form__rating-label"
                  htmlFor="1-star"
                  title="terribly"
                >
                  <svg
                    className="form__star-image"
                    height="33"
                    width="37"
                  >
                    <use
                      xlinkHref="#icon-star"
                    />
                  </svg>
                </label>
              </div>
              <textarea
                className="reviews__textarea form__textarea"
                id="review"
                name="review"
                placeholder="Tell how was your stay, what you like and what can be improved"
              />
              <div
                className="reviews__button-wrapper"
              >
                <p
                  className="reviews__help"
                >
                  To submit review please make sure to set 
                  <span
                    className="reviews__star"
                  >
                    rating
                  </span>
                   and describe your stay with at least 
                  <b
                    className="reviews__text-amount"
                  >
                    50 characters
                  </b>
                  .
                </p>
                <button
                  className="reviews__submit form__submit button"
                  disabled=""
                  type="submit"
                >
                  Submit
                </button>
              </div>
            </form>
          </section>
        </div>
      </div>
      <div
        id="map"
      />
    </section>
    <div
      className="container"
    >
      <section
        className="near-places places"
      >
        <h2
          className="near-places__title"
        >
          Other places in the neighbourhood
        </h2>
        <div
          className="near-places__list places__list"
        >
          <article
            className="near-places__card place-card"
            onMouseEnter={[Function]}
          >
            <div
              className="near-places__image-wrapper place-card__image-wrapper"
            >
              <a
                className="image-link"
                href="#"
                onClick={[Function]}
              >
                <img
                  alt="Place image"
                  className="place-card__image"
                  height="200"
                  src="https://es31-server.appspot.com/six-cities/static/hotel/6.jpg"
                  width="260"
                />
              </a>
            </div>
            <div
              className="place-card__info"
            >
              <div
                className="place-card__price-wrapper"
              >
                <div
                  className="place-card__price"
                >
                  <b
                    className="place-card__price-value"
                  >
                    250
                  </b>
                  <span
                    className="place-card__price-text"
                  >
                    / night
                  </span>
                </div>
                <button
                  className="place-card__bookmark-button button"
                  type="button"
                >
                  <svg
                    className="place-card__bookmark-icon"
                    height="19"
                    width="18"
                  >
                    <use
                      href="#icon-bookmark"
                    />
                  </svg>
                  <span
                    className="visually-hidden"
                  >
                    To bookmarks
                  </span>
                </button>
              </div>
              <div
                className="place-card__rating rating"
              >
                <div
                  className="place-card__stars rating__stars"
                >
                  <span
                    style={
                      Object {
                        "width": "64%",
                      }
                    }
                  />
                  <span
                    className="visually-hidden"
                  >
                    Rating
                  </span>
                </div>
              </div>
              <h2
                className="place-card__name"
              >
                <a
                  className="place-card__name-link"
                  href="/offer/1"
                  onClick={[Function]}
                >
                  Amazing and Extremely Central Flat
                </a>
              </h2>
              <p
                className="place-card__type"
              >
                room
              </p>
            </div>
          </article>
          <article
            className="near-places__card place-card"
            onMouseEnter={[Function]}
          >
            <div
              className="near-places__image-wrapper place-card__image-wrapper"
            >
              <a
                className="image-link"
                href="#"
                onClick={[Function]}
              >
                <img
                  alt="Place image"
                  className="place-card__image"
                  height="200"
                  src="https://es31-server.appspot.com/six-cities/static/hotel/6.jpg"
                  width="260"
                />
              </a>
            </div>
            <div
              className="place-card__info"
            >
              <div
                className="place-card__price-wrapper"
              >
                <div
                  className="place-card__price"
                >
                  <b
                    className="place-card__price-value"
                  >
                    250
                  </b>
                  <span
                    className="place-card__price-text"
                  >
                    / night
                  </span>
                </div>
                <button
                  className="place-card__bookmark-button button"
                  type="button"
                >
                  <svg
                    className="place-card__bookmark-icon"
                    height="19"
                    width="18"
                  >
                    <use
                      href="#icon-bookmark"
                    />
                  </svg>
                  <span
                    className="visually-hidden"
                  >
                    To bookmarks
                  </span>
                </button>
              </div>
              <div
                className="place-card__rating rating"
              >
                <div
                  className="place-card__stars rating__stars"
                >
                  <span
                    style={
                      Object {
                        "width": "64%",
                      }
                    }
                  />
                  <span
                    className="visually-hidden"
                  >
                    Rating
                  </span>
                </div>
              </div>
              <h2
                className="place-card__name"
              >
                <a
                  className="place-card__name-link"
                  href="/offer/1"
                  onClick={[Function]}
                >
                  Amazing and Extremely Central Flat
                </a>
              </h2>
              <p
                className="place-card__type"
              >
                room
              </p>
            </div>
          </article>
          <article
            className="near-places__card place-card"
            onMouseEnter={[Function]}
          >
            <div
              className="near-places__image-wrapper place-card__image-wrapper"
            >
              <a
                className="image-link"
                href="#"
                onClick={[Function]}
              >
                <img
                  alt="Place image"
                  className="place-card__image"
                  height="200"
                  src="https://es31-server.appspot.com/six-cities/static/hotel/6.jpg"
                  width="260"
                />
              </a>
            </div>
            <div
              className="place-card__info"
            >
              <div
                className="place-card__price-wrapper"
              >
                <div
                  className="place-card__price"
                >
                  <b
                    className="place-card__price-value"
                  >
                    250
                  </b>
                  <span
                    className="place-card__price-text"
                  >
                    / night
                  </span>
                </div>
                <button
                  className="place-card__bookmark-button button"
                  type="button"
                >
                  <svg
                    className="place-card__bookmark-icon"
                    height="19"
                    width="18"
                  >
                    <use
                      href="#icon-bookmark"
                    />
                  </svg>
                  <span
                    className="visually-hidden"
                  >
                    To bookmarks
                  </span>
                </button>
              </div>
              <div
                className="place-card__rating rating"
              >
                <div
                  className="place-card__stars rating__stars"
                >
                  <span
                    style={
                      Object {
                        "width": "64%",
                      }
                    }
                  />
                  <span
                    className="visually-hidden"
                  >
                    Rating
                  </span>
                </div>
              </div>
              <h2
                className="place-card__name"
              >
                <a
                  className="place-card__name-link"
                  href="/offer/1"
                  onClick={[Function]}
                >
                  Amazing and Extremely Central Flat
                </a>
              </h2>
              <p
                className="place-card__type"
              >
                room
              </p>
            </div>
          </article>
        </div>
      </section>
    </div>
  </main>,
  " ",
]
`;
