// Jest Snapshot v1, https://goo.gl/fbAQLP

exports[`ListOfReviews is correctly renderer 1`] = `
Array [
  <h2
    className="reviews__title"
  >
    Reviews Â·
    <span
      className="reviews__amount"
    >
      1
    </span>
  </h2>,
  <ul
    className="reviews__list"
  >
    <li
      className="reviews__item"
    >
      <div
        className="reviews__user user"
      >
        <div
          className="reviews__avatar-wrapper user__avatar-wrapper"
        >
          <img
            alt="Reviews avatar"
            className="reviews__avatar user__avatar"
            height="54"
            src="url"
            width="54"
          />
        </div>
        <span
          className="reviews__user-name"
        >
          Alena
        </span>
      </div>
      <div
        className="reviews__info"
      >
        <div
          className="reviews__rating rating"
        >
          <div
            className="reviews__stars rating__stars"
          >
            <span
              style={
                Object {
                  "width": "200%",
                }
              }
            />
            <span
              className="visually-hidden"
            >
              Rating
            </span>
          </div>
        </div>
        <p
          className="reviews__text"
        >
          text
        </p>
        <time
          className="reviews__time"
          dateTime="april 2020"
        >
          Invalid Date
        </time>
      </div>
    </li>
  </ul>,
]
`;
